// Vitest Snapshot v1, https://vitest.dev/guide/snapshot.html

exports[`Posts Component > should match the snapshot 1`] = `
<div>
  <div
    class="max-w-full mx-auto px-4 sm:px-6 lg:px-8 py-16 bg-gray-100"
  >
    <h1
      class="text-5xl font-bold text-center mb-16 text-gray-900 tracking-tight"
    >
      Our Latest Posts
    </h1>
    <ul
      class="grid grid-cols-1 sm:grid-cols-2 lg:grid-cols-3 gap-12"
    >
      <li
        class="bg-white shadow-lg rounded-xl overflow-hidden transform transition-all hover:scale-105 hover:shadow-2xl duration-300 ease-in-out"
      >
        <div
          class="p-6 flex flex-col justify-between h-full"
        >
          <div
            class="flex-grow"
          >
            <h2
              class="text-2xl font-semibold mb-1 text-gray-800"
            >
              First Post
            </h2>
            <p
              class="text-sm text-gray-500 mb-3"
            >
              October 28, 2024
            </p>
            <p
              class="text-gray-600 mb-4 line-clamp-3"
            >
              This is the first post description.
            </p>
          </div>
          <div
            class="flex justify-end mt-auto"
          >
            <button
              class="bg-gray-900 text-white px-5 py-3 rounded-lg hover:bg-gray-700 transition-colors duration-300 ease-in-out"
            >
              Read More
            </button>
          </div>
        </div>
      </li>
      <li
        class="bg-white shadow-lg rounded-xl overflow-hidden transform transition-all hover:scale-105 hover:shadow-2xl duration-300 ease-in-out"
      >
        <div
          class="p-6 flex flex-col justify-between h-full"
        >
          <div
            class="flex-grow"
          >
            <h2
              class="text-2xl font-semibold mb-1 text-gray-800"
            >
              Second Post
            </h2>
            <p
              class="text-sm text-gray-500 mb-3"
            >
              October 27, 2024
            </p>
            <p
              class="text-gray-600 mb-4 line-clamp-3"
            >
              This is the second post description, which is slightly longer.
            </p>
          </div>
          <div
            class="flex justify-end mt-auto"
          >
            <button
              class="bg-gray-900 text-white px-5 py-3 rounded-lg hover:bg-gray-700 transition-colors duration-300 ease-in-out"
            >
              Read More
            </button>
          </div>
        </div>
      </li>
    </ul>
  </div>
</div>
`;
